// Jest Snapshot v1, https://goo.gl/fbAQLP

exports[`<CatButton /> basic render 1`] = `
<div
  className="crardx-cat-button"
>
  Test
</div>
`;
